
Running 1 test using 1 worker

[1A[2K[1/1] [chromium] ÔÇ║ tests\dashboard.spec.ts:14:3 ÔÇ║ Dashboard Management ÔÇ║ should add and delete a service
[1A[2K  1) [chromium] ÔÇ║ tests\dashboard.spec.ts:14:3 ÔÇ║ Dashboard Management ÔÇ║ should add and delete a service 

    [31mTest timeout of 30000ms exceeded.[39m

    Error: page.fill: Test timeout of 30000ms exceeded.
    Call log:
    [2m  - waiting for locator('textarea')[22m


      18 |     // Fill form
      19 |     await page.fill('input[placeholder="Ex: Consultoria"]', 'Test Service');
    > 20 |     await page.fill('textarea', 'Test Description');
         |                ^
      21 |     await page.fill('input[placeholder="Dura├º├úo (min)"]', '45');
      22 |     await page.fill('input[placeholder="Pre├ºo (R$)"]', '200');
      23 |     
        at C:\Users\migue\git\FreelancerAgenda\tests\dashboard.spec.ts:20:16

    Error Context: test-results\dashboard-Dashboard-Manage-97973-ld-add-and-delete-a-service-chromium\error-context.md


[1A[2K  1 failed
    [chromium] ÔÇ║ tests\dashboard.spec.ts:14:3 ÔÇ║ Dashboard Management ÔÇ║ should add and delete a service 

[36m  Serving HTML report at http://localhost:61503. Press Ctrl+C to quit.[39m
